// Vitest Snapshot v1, https://vitest.dev/guide/snapshot.html

exports[`App component navigation > renders the navbar correctly 1`] = `
<DocumentFragment>
  <div
    class="_navbar_61351a"
  >
    <p>
      Buy Something
    </p>
    <ul
      class="_links_61351a"
    >
      <a
        href="/homepage"
      >
        HomePage
      </a>
      <br />
      <a
        href="/shoppingpage"
      >
        Shop
      </a>
      <br />
      <span>
        %
      </span>
      <a
        href="/cart"
      >
        0
      </a>
    </ul>
  </div>
  <div
    class="_homePageClass_61351a"
  />
</DocumentFragment>
`;
